[backblue.gif]
[fade.gif]
[index.html]
[jawatanpengakutanjalan.com/feed/index.html]
[jawatanpengakutanjalan.com/comments/feed/index.html]
[jawatanpengakutanjalan.com/wp-includes/js/jquery/jquery.minf43b.js]
[jawatanpengakutanjalan.com/wp-includes/js/jquery/jquery-migrate.min5589.js]
[jawatanpengakutanjalan.com/wp-json/wp/v2/pages/6.json]
[jawatanpengakutanjalan.com/wp-json/index.html]
[jawatanpengakutanjalan.com/xmlrpc0db0.php]
[jawatanpengakutanjalan.com/wp-json/oembed/1.0/embed54d3.json]
[jawatanpengakutanjalan.com/wp-json/oembed/1.0/embedcce3]
[jawatanpengakutanjalan.com/wp-content/uploads/2024/11/WhatsApp-Image-2024-11-19-at-08.53.33.jpg]
[jawatanpengakutanjalan.com/wp-content/uploads/2024/11/WhatsApp-Image-2024-11-14-at-09.02.58.jpg]
[jawatanpengakutanjalan.com/wp-content/uploads/2024/11/WhatsApp-Image-2024-11-14-at-09.02.58-225x300.jpg]
[jawatanpengakutanjalan.com/wp-content/uploads/2024/11/WhatsApp-Image-2024-11-14-at-09.02.59.jpg]
[jawatanpengakutanjalan.com/wp-content/uploads/2024/11/WhatsApp-Image-2024-11-14-at-09.02.59-300x300.jpg]
[jawatanpengakutanjalan.com/wp-content/uploads/2024/11/WhatsApp-Image-2024-11-14-at-09.02.59-1.jpg]
[jawatanpengakutanjalan.com/wp-content/uploads/2024/11/WhatsApp-Image-2024-11-14-at-09.02.59-1-169x300.jpg]
[jawatanpengakutanjalan.com/wp-content/uploads/2024/11/WhatsApp-Image-2024-11-14-at-09.02.59-2.jpg]
[jawatanpengakutanjalan.com/wp-content/uploads/2024/11/WhatsApp-Image-2024-11-14-at-09.02.59-2-240x300.jpg]
[jawatanpengakutanjalan.com/wp-content/uploads/2024/11/WhatsApp-Image-2024-11-14-at-09.03.00.jpg]
[jawatanpengakutanjalan.com/wp-content/uploads/2024/11/WhatsApp-Image-2024-11-14-at-09.03.00-300x300.jpg]
[jawatanpengakutanjalan.com/wp-content/uploads/2024/11/WhatsApp-Image-2024-11-14-at-09.03.00-1.jpg]
[jawatanpengakutanjalan.com/wp-content/uploads/2024/11/WhatsApp-Image-2024-11-14-at-09.03.00-1-300x300.jpg]
[jawatanpengakutanjalan.com/wp-content/uploads/2024/11/WhatsApp-Image-2024-11-14-at-09.03.01.jpg]
[jawatanpengakutanjalan.com/wp-content/uploads/2024/11/WhatsApp-Image-2024-11-14-at-09.03.01-225x300.jpg]
[jawatanpengakutanjalan.com/wp-content/uploads/2024/11/WhatsApp-Video-2024-11-14-at-09.02.02.mp4]
[jawatanpengakutanjalan.com/wp-content/uploads/2024/11/WhatsApp-Video-2024-11-14-at-09.02.04.mp4]
[jawatanpengakutanjalan.com/wp-content/uploads/2024/11/WhatsApp-Video-2024-11-14-at-09.02.04-1.mp4]
[jawatanpengakutanjalan.com/wp-content/themes/sydney/js/elementor2e1f.js]
[jawatanpengakutanjalan.com/wp-content/themes/sydney/js/functions.min6b20.js]
[jawatanpengakutanjalan.com/wp-content/themes/sydney/js/scripts9704.js]
[jawatanpengakutanjalan.com/wp-content/plugins/elementor/assets/js/webpack.runtime.minf34d.js]
[jawatanpengakutanjalan.com/wp-content/plugins/elementor/assets/js/frontend-modules.minf34d.js]
[jawatanpengakutanjalan.com/wp-includes/js/jquery/ui/core.minb37e.js]
[jawatanpengakutanjalan.com/wp-content/plugins/elementor/assets/js/frontend.minf34d.js]
[jawatanpengakutanjalan.com/index.html]
[jawatanpengakutanjalan.com/xmlrpc.php]
[jawatanpengakutanjalan.com/wp-content/themes/sydney/css/bootstrap/bootstrap.min68b3.css]
[jawatanpengakutanjalan.com/wp-content/themes/sydney/style8bc1.css]
[jawatanpengakutanjalan.com/wp-content/themes/sydney/css/components/elementor.min2443.css]
[jawatanpengakutanjalan.com/wp-content/themes/sydney/css/styles.mineb08.css]
[jawatanpengakutanjalan.com/wp-content/plugins/elementor/assets/css/frontend.minf34d.css]
[jawatanpengakutanjalan.com/wp-content/plugins/elementor/assets/lib/swiper/v8/css/swiper.min94a4.css]
[jawatanpengakutanjalan.com/wp-content/plugins/elementor/assets/css/conditionals/e-swiper.minf34d.css]
[jawatanpengakutanjalan.com/wp-content/uploads/elementor/css/post-15ec9e.css]
[jawatanpengakutanjalan.com/wp-content/plugins/elementor/assets/css/widget-image.minf34d.css]
[jawatanpengakutanjalan.com/wp-content/plugins/elementor/assets/css/widget-icon-list.minf34d.css]
[jawatanpengakutanjalan.com/wp-content/plugins/elementor/assets/css/widget-heading.minf34d.css]
[jawatanpengakutanjalan.com/wp-content/plugins/elementor/assets/css/widget-image-gallery.minf34d.css]
[jawatanpengakutanjalan.com/wp-content/plugins/elementor/assets/css/widget-text-editor.minf34d.css]
[jawatanpengakutanjalan.com/wp-content/plugins/elementor/assets/css/widget-icon-box.minf34d.css]
[jawatanpengakutanjalan.com/wp-content/plugins/elementor/assets/css/widget-video.minf34d.css]
[jawatanpengakutanjalan.com/wp-content/plugins/elementor/assets/css/widget-nested-accordion.minf34d.css]
[jawatanpengakutanjalan.com/wp-content/uploads/elementor/css/post-6f34a.css]
